// Jest Snapshot v1, https://goo.gl/fbAQLP

exports[`Pruebas en <FirstApp /> debe de hacer match con el snapshot 1`] = `
<div>
  <h2
    data-testid="test-title"
  >
    Hola, soy Goku
  </h2>
  <h3>
     
    Template del subtitulo
  </h3>
  <h3>
     
    Template del subtitulo
  </h3>
  <h4>
     
    Template del nombre
  </h4>
</div>
`;
